<html>
<body>
<pre>
<h1>礦ision Build Log</h1>
<h2>Tool Versions:</h2>
IDE-Version: μVision V5.23.0.0
Copyright (C) 2017 ARM Ltd and ARM Germany GmbH. All rights reserved.
License Information: wu HP, Hewlett-Packard, LIC=S5ILQ-N86LS-TKCB9-4MCS0-7CGLV-3HJ16
 
Tool Versions:
Toolchain:       MDK-ARM Professional  Version: 5.23
Toolchain Path:  D:\software\MDK\ARM\ARMCC\Bin
C Compiler:      Armcc.exe V5.06 update 4 (build 422)
Assembler:       Armasm.exe V5.06 update 4 (build 422)
Linker/Locator:  ArmLink.exe V5.06 update 4 (build 422)
Library Manager: ArmAr.exe V5.06 update 4 (build 422)
Hex Converter:   FromElf.exe V5.06 update 4 (build 422)
CPU DLL:         SARMCM3.DLL V5.23
Dialog DLL:      DCM.DLL V1.15.0.0
Target DLL:      Segger\JL2CM3.dll V2.99.23.0
Dialog DLL:      TCM.DLL V1.27.0.0
 
<h2>Project:</h2>
E:\GIT\WogeeBMS\UCOS\Demo.uvprojx
Project File Date:  01/21/2019

<h2>Output:</h2>
*** Using Compiler 'V5.06 update 4 (build 422)', folder: 'D:\software\MDK\ARM\ARMCC\Bin'
Build target 'APP'
compiling bms.c...
User\bms.c(55): warning:  #177-D: variable "BROcnt"  was declared but never referenced
  	   uint16_t BROcnt=0;
User\bms.c(569): warning:  #187-D: use of "=" where "==" may have been intended
  						if(((MessageCAN0.DATAA&0xff)==0x11)&&((MessageCAN0.DATAB&0xff0000)==0x020000)&&(BMSMessage.ChargeStage= 1))
User\bms.c(582): warning:  #187-D: use of "=" where "==" may have been intended
  						if(((MessageCAN0.DATAA&0xff)==0x11)&&((MessageCAN0.DATAB&0xff0000)==0x060000)&&(BMSMessage.ChargeStage= 2))
User\bms.c(589): warning:  #187-D: use of "=" where "==" may have been intended
  						if(((MessageCAN0.DATAA&0xff)==0x11)&&((MessageCAN0.DATAB&0xff0000)==0x110000)&&(BMSMessage.ChargeStage= 3))
User\bms.c(421): warning:  #177-D: function "BMS_BMV"  was declared but never referenced
  void BMS_BMV(void)		//可选报文
User\bms.c(426): warning:  #177-D: function "BMS_BMT"  was declared but never referenced
  void BMS_BMT(void)		//可选报文
User\bms.c: 6 warnings, 0 errors
linking...
Program Size: Code=27276 RO-data=644 RW-data=496 ZI-data=28184  
FromELF: creating hex file...
".\Flash\Demo.axf" - 0 Error(s), 6 Warning(s).

<h2>Software Packages used:</h2>

Package Vendor: ARM
                http://www.keil.com/pack/ARM.CMSIS.5.0.1.pack
                ARM::CMSIS:CORE:5.0.1
                CMSIS (Cortex Microcontroller Software Interface Standard)
   * Component: CORE Version: 5.0.1

<h2>Collection of Component include folders:</h2>
  .\RTE\_APP
  D:\software\MDK\ARM\PACK\ARM\CMSIS\5.0.1\CMSIS\Include
  D:\software\MDK\ARM\PACK\Keil\LPC1700_DFP\2.3.0\Device\Include

<h2>Collection of Component Files used:</h2>

   * Component: ARM::CMSIS:CORE:5.0.1
Build Time Elapsed:  00:00:01
</pre>
</body>
</html>
